============================= test session starts ==============================
platform linux -- Python 3.12.3, pytest-9.0.3, pluggy-1.6.0 -- /home/pedro/Documentos/Antigravity/backend/venv/bin/python3
cachedir: .pytest_cache
rootdir: /home/pedro/Documentos/Antigravity/backend
configfile: pytest.ini
plugins: asyncio-1.3.0, cov-7.1.0, anyio-4.13.0
asyncio: mode=Mode.AUTO, debug=False, asyncio_default_fixture_loop_scope=session, asyncio_default_test_loop_scope=function
collecting ... collected 3 items

tests/api/test_validation.py::test_factory_payload_validation[payload0-422] ERROR [ 33%]
tests/api/test_validation.py::test_factory_payload_validation[payload1-422] ERROR [ 66%]
tests/api/test_validation.py::test_factory_payload_validation[payload2-422] ERROR [100%]

==================================== ERRORS ====================================
_______ ERROR at setup of test_factory_payload_validation[payload0-422] ________
venv/lib/python3.12/site-packages/pytest_asyncio/plugin.py:458: in setup
    return super().setup()
           ^^^^^^^^^^^^^^^
venv/lib/python3.12/site-packages/pytest_asyncio/plugin.py:730: in pytest_fixture_setup
    return (yield)
            ^^^^^
venv/lib/python3.12/site-packages/anyio/pytest_plugin.py:126: in wrapper
    yield runner.run_fixture(local_func, kwargs)
          ^^^^^^^^^^^^^^^^^^^^^^^^^^^^^^^^^^^^^^
venv/lib/python3.12/site-packages/anyio/_backends/_asyncio.py:2306: in run_fixture
    retval = self.get_loop().run_until_complete(
/usr/lib/python3.12/asyncio/base_events.py:687: in run_until_complete
    return future.result()
           ^^^^^^^^^^^^^^^
venv/lib/python3.12/site-packages/anyio/_backends/_asyncio.py:2276: in _call_in_runner_task
    return await future
           ^^^^^^^^^^^^
venv/lib/python3.12/site-packages/anyio/_backends/_asyncio.py:2242: in _run_tests_and_fixtures
    retval = await coro
             ^^^^^^^^^^
tests/conftest.py:62: in lojista_token_headers
    token = login_resp.json()["access_token"]
            ^^^^^^^^^^^^^^^^^^^^^^^^^^^^^^^^^
E   KeyError: 'access_token'
_______ ERROR at setup of test_factory_payload_validation[payload1-422] ________
venv/lib/python3.12/site-packages/pytest_asyncio/plugin.py:458: in setup
    return super().setup()
           ^^^^^^^^^^^^^^^
venv/lib/python3.12/site-packages/pytest_asyncio/plugin.py:730: in pytest_fixture_setup
    return (yield)
            ^^^^^
venv/lib/python3.12/site-packages/anyio/pytest_plugin.py:126: in wrapper
    yield runner.run_fixture(local_func, kwargs)
          ^^^^^^^^^^^^^^^^^^^^^^^^^^^^^^^^^^^^^^
venv/lib/python3.12/site-packages/anyio/_backends/_asyncio.py:2306: in run_fixture
    retval = self.get_loop().run_until_complete(
/usr/lib/python3.12/asyncio/base_events.py:687: in run_until_complete
    return future.result()
           ^^^^^^^^^^^^^^^
venv/lib/python3.12/site-packages/anyio/_backends/_asyncio.py:2276: in _call_in_runner_task
    return await future
           ^^^^^^^^^^^^
venv/lib/python3.12/site-packages/anyio/_backends/_asyncio.py:2242: in _run_tests_and_fixtures
    retval = await coro
             ^^^^^^^^^^
tests/conftest.py:62: in lojista_token_headers
    token = login_resp.json()["access_token"]
            ^^^^^^^^^^^^^^^^^^^^^^^^^^^^^^^^^
E   KeyError: 'access_token'
_______ ERROR at setup of test_factory_payload_validation[payload2-422] ________
venv/lib/python3.12/site-packages/pytest_asyncio/plugin.py:458: in setup
    return super().setup()
           ^^^^^^^^^^^^^^^
venv/lib/python3.12/site-packages/pytest_asyncio/plugin.py:730: in pytest_fixture_setup
    return (yield)
            ^^^^^
venv/lib/python3.12/site-packages/anyio/pytest_plugin.py:126: in wrapper
    yield runner.run_fixture(local_func, kwargs)
          ^^^^^^^^^^^^^^^^^^^^^^^^^^^^^^^^^^^^^^
venv/lib/python3.12/site-packages/anyio/_backends/_asyncio.py:2306: in run_fixture
    retval = self.get_loop().run_until_complete(
/usr/lib/python3.12/asyncio/base_events.py:687: in run_until_complete
    return future.result()
           ^^^^^^^^^^^^^^^
venv/lib/python3.12/site-packages/anyio/_backends/_asyncio.py:2276: in _call_in_runner_task
    return await future
           ^^^^^^^^^^^^
venv/lib/python3.12/site-packages/anyio/_backends/_asyncio.py:2242: in _run_tests_and_fixtures
    retval = await coro
             ^^^^^^^^^^
tests/conftest.py:62: in lojista_token_headers
    token = login_resp.json()["access_token"]
            ^^^^^^^^^^^^^^^^^^^^^^^^^^^^^^^^^
E   KeyError: 'access_token'
=============================== warnings summary ===============================
venv/lib/python3.12/site-packages/_pytest/cacheprovider.py:475
  /home/pedro/Documentos/Antigravity/backend/venv/lib/python3.12/site-packages/_pytest/cacheprovider.py:475: PytestCacheWarning: cache could not write path /home/pedro/Documentos/Antigravity/backend/.pytest_cache/v/cache/nodeids: [Errno 13] Permission denied: '/home/pedro/Documentos/Antigravity/backend/.pytest_cache/v/cache/nodeids'
    config.cache.set("cache/nodeids", sorted(self.cached_nodeids))

venv/lib/python3.12/site-packages/_pytest/cacheprovider.py:429
  /home/pedro/Documentos/Antigravity/backend/venv/lib/python3.12/site-packages/_pytest/cacheprovider.py:429: PytestCacheWarning: cache could not write path /home/pedro/Documentos/Antigravity/backend/.pytest_cache/v/cache/lastfailed: [Errno 13] Permission denied: '/home/pedro/Documentos/Antigravity/backend/.pytest_cache/v/cache/lastfailed'
    config.cache.set("cache/lastfailed", self.lastfailed)

-- Docs: https://docs.pytest.org/en/stable/how-to/capture-warnings.html
================================ tests coverage ================================
_______________ coverage: platform linux, python 3.12.3-final-0 ________________

Name                                               Stmts   Miss  Cover   Missing
--------------------------------------------------------------------------------
app/api/auth.py                                       24      0   100%
app/api/deliveries.py                                 19      6    68%   18-20, 28-30
app/api/deps.py                                       23     14    39%   9-23, 27-32
app/api/places.py                                     29     12    59%   21-23, 27-29, 37-39, 43-45
app/core/config.py                                     8      0   100%
app/core/security.py                                  16      7    56%   8, 14-20
app/db/base_class.py                                   9      0   100%
app/db/session.py                                      7      2    71%   15-16
app/domain/entities/delivery.py                       21      0   100%
app/domain/entities/place.py                          14      0   100%
app/domain/entities/user.py                           14      0   100%
app/domain/repositories/delivery_repo.py               3      0   100%
app/domain/repositories/place_repo.py                  3      0   100%
app/domain/repositories/user_repo.py                   3      0   100%
app/domain/value_objects/coordinates.py                5      0   100%
app/infrastructure/orm/delivery.py                    25      0   100%
app/infrastructure/orm/place.py                       18      0   100%
app/infrastructure/orm/user.py                        16      0   100%
app/infrastructure/repositories/delivery_repo.py      20     10    50%   9, 12-25, 28-30, 33
app/infrastructure/repositories/place_repo.py         33     19    42%   10, 13-22, 25-27, 30-40, 43-45, 48, 55
app/infrastructure/repositories/user_repo.py          21      1    95%   15
app/main.py                                           19      2    89%   34, 41
app/schemas/delivery.py                               17      0   100%
app/schemas/place.py                                  21      0   100%
app/schemas/user.py                                   14      0   100%
app/use_cases/auth_use_cases.py                       23      3    87%   13, 35-36
app/use_cases/deliveries_use_cases.py                 14      5    64%   7, 10-15, 19, 22
app/use_cases/places_use_cases.py                     26     10    62%   8, 11-12, 16, 19, 23, 26-27, 31, 34
--------------------------------------------------------------------------------
TOTAL                                                465     91    80%
=========================== short test summary info ============================
ERROR tests/api/test_validation.py::test_factory_payload_validation[payload0-422]
ERROR tests/api/test_validation.py::test_factory_payload_validation[payload1-422]
ERROR tests/api/test_validation.py::test_factory_payload_validation[payload2-422]
======================== 2 warnings, 3 errors in 9.47s =========================
